// Jest Snapshot v1, https://goo.gl/fbAQLP

exports[`renders correctly 1`] = `
<div
  className="sc-AxjAm ctoFJu"
  data-testid="test-component"
>
  <h1
    className="sc-AxirZ lmNTcb heading"
  >
    I'm the test component
  </h1>
  <h2
    className="sc-AxiKw bOTXee"
  >
    Some text
  </h2>
</div>
`;
